// Vitest Snapshot v1, https://vitest.dev/guide/snapshot.html

exports[`Text Component > should match snapshot with default props 1`] = `
<span
  class="text-text-primary"
>
  Text content
</span>
`;
