// Vitest Snapshot v1, https://vitest.dev/guide/snapshot.html

exports[`DropdownMenu Component > DropdownMenu Snapshots > should match snapshot with custom content 1`] = `
<div>
  <div
    data-testid="dropdown-root"
  >
    <button
      data-testid="dropdown-trigger"
    >
      Custom Trigger
    </button>
    <div
      data-testid="dropdown-portal"
    >
      <div
        class="z-50 min-w-[8rem] overflow-hidden rounded-md border bg-popover p-1 text-popover-foreground shadow-md data-[state=open]:animate-in data-[state=closed]:animate-out data-[state=closed]:fade-out-0 data-[state=open]:fade-in-0 data-[state=closed]:zoom-out-95 data-[state=open]:zoom-in-95 data-[side=bottom]:slide-in-from-top-2 data-[side=left]:slide-in-from-right-2 data-[side=right]:slide-in-from-left-2 data-[side=top]:slide-in-from-bottom-2"
        data-testid="dropdown-content"
        sideoffset="4"
      >
        <div
          class="relative flex cursor-default select-none items-center gap-2 rounded-sm px-2 py-1.5 text-sm outline-none transition-colors focus:bg-secondary focus:text-text-primary data-[disabled]:pointer-events-none data-[disabled]:opacity-50 [&>svg]:size-4 [&>svg]:shrink-0"
          data-testid="dropdown-item"
        >
          Custom Item
        </div>
      </div>
    </div>
  </div>
</div>
`;

exports[`DropdownMenu Component > DropdownMenu Snapshots > should match snapshot with default props 1`] = `
<div>
  <div
    data-testid="dropdown-root"
  >
    <button
      data-testid="dropdown-trigger"
    >
      Open Menu
    </button>
    <div
      data-testid="dropdown-portal"
    >
      <div
        class="z-50 min-w-[8rem] overflow-hidden rounded-md border bg-popover p-1 text-popover-foreground shadow-md data-[state=open]:animate-in data-[state=closed]:animate-out data-[state=closed]:fade-out-0 data-[state=open]:fade-in-0 data-[state=closed]:zoom-out-95 data-[state=open]:zoom-in-95 data-[side=bottom]:slide-in-from-top-2 data-[side=left]:slide-in-from-right-2 data-[side=right]:slide-in-from-left-2 data-[side=top]:slide-in-from-bottom-2"
        data-testid="dropdown-content"
        sideoffset="4"
      >
        <div
          class="px-2 py-1.5 text-sm font-semibold"
          data-testid="dropdown-label"
        >
          My Account
        </div>
        <div
          class="-mx-1 my-1 h-px bg-secondary"
          data-testid="dropdown-separator"
        />
        <div
          class="relative flex cursor-default select-none items-center gap-2 rounded-sm px-2 py-1.5 text-sm outline-none transition-colors focus:bg-secondary focus:text-text-primary data-[disabled]:pointer-events-none data-[disabled]:opacity-50 [&>svg]:size-4 [&>svg]:shrink-0"
          data-testid="dropdown-item"
        >
          Profile
        </div>
        <div
          data-testid="dropdown-sub"
        >
          <div
            class="flex cursor-default gap-2 select-none items-center rounded-sm px-2 py-1.5 text-sm outline-none focus:bg-accent data-[state=open]:bg-accent [&_svg]:pointer-events-none [&_svg]:size-4 [&_svg]:shrink-0"
            data-testid="dropdown-sub-trigger"
          >
            More Options
            <div
              data-testid="chevron-right-icon"
            />
          </div>
          <div
            class="z-50 min-w-[8rem] overflow-hidden rounded-md border bg-popover p-1 text-popover-foreground shadow-lg data-[state=open]:animate-in data-[state=closed]:animate-out data-[state=closed]:fade-out-0 data-[state=open]:fade-in-0 data-[state=closed]:zoom-out-95 data-[state=open]:zoom-in-95 data-[side=bottom]:slide-in-from-top-2 data-[side=left]:slide-in-from-right-2 data-[side=right]:slide-in-from-left-2 data-[side=top]:slide-in-from-bottom-2"
            data-testid="dropdown-sub-content"
          >
            <div
              class="relative flex cursor-default select-none items-center gap-2 rounded-sm px-2 py-1.5 text-sm outline-none transition-colors focus:bg-secondary focus:text-text-primary data-[disabled]:pointer-events-none data-[disabled]:opacity-50 [&>svg]:size-4 [&>svg]:shrink-0"
              data-testid="dropdown-item"
            >
              Sub Item
            </div>
          </div>
        </div>
        <div
          data-testid="dropdown-radio-group"
        >
          <div
            class="relative flex cursor-default select-none items-center rounded-sm py-1.5 pl-8 pr-2 text-sm outline-none transition-colors focus:bg-accent focus:text-accent-foreground data-[disabled]:pointer-events-none data-[disabled]:opacity-50"
            data-testid="dropdown-radio-item"
            value="1"
          >
            <span
              class="absolute left-2 flex h-3.5 w-3.5 items-center justify-center"
            >
              <div
                data-testid="dropdown-item-indicator"
              >
                <div
                  data-testid="circle-icon"
                />
              </div>
            </span>
            Option 1
          </div>
          <div
            class="relative flex cursor-default select-none items-center rounded-sm py-1.5 pl-8 pr-2 text-sm outline-none transition-colors focus:bg-accent focus:text-accent-foreground data-[disabled]:pointer-events-none data-[disabled]:opacity-50"
            data-testid="dropdown-radio-item"
            value="2"
          >
            <span
              class="absolute left-2 flex h-3.5 w-3.5 items-center justify-center"
            >
              <div
                data-testid="dropdown-item-indicator"
              >
                <div
                  data-testid="circle-icon"
                />
              </div>
            </span>
            Option 2
          </div>
        </div>
        <div
          class="relative flex cursor-default select-none items-center rounded-sm py-1.5 pl-8 pr-2 text-sm outline-none transition-colors focus:bg-secondary focus:text-text-primary data-[disabled]:pointer-events-none data-[disabled]:opacity-50"
          data-testid="dropdown-checkbox-item"
        >
          <span
            class="absolute left-2 flex h-3.5 w-3.5 items-center justify-center"
          >
            <div
              data-testid="dropdown-item-indicator"
            >
              <div
                data-testid="check-icon"
              />
            </div>
          </span>
          Show Status
        </div>
      </div>
    </div>
  </div>
</div>
`;
