// Vitest Snapshot v1, https://vitest.dev/guide/snapshot.html

exports[`Badge Component > should match snapshot with default props 1`] = `
<div
  class="inline-flex items-center rounded-md border px-2.5 py-0.5 text-xs font-semibold transition-colors focus:outline-none focus:ring-2 focus:ring-ring focus:ring-offset-2 border-transparent bg-primary text-text-secondary shadow hover:bg-primary/80"
/>
`;
