// Vitest Snapshot v1, https://vitest.dev/guide/snapshot.html

exports[`Calendar Component > should match snapshot 1`] = `null`;

exports[`Calendar Component > should match snapshot with default props 1`] = `null`;
