// Vitest Snapshot v1, https://vitest.dev/guide/snapshot.html

exports[`Toast Component > Basic Rendering > should match snapshot 1`] = `
<div>
  <div
    class="fixed top-4 right-4 z-[60] flex flex-col gap-2"
  />
</div>
`;
