// Vitest Snapshot v1, https://vitest.dev/guide/snapshot.html

exports[`Popover Component > should match snapshot with default props 1`] = `
<div>
  <button
    aria-controls="radix-:r0:"
    aria-expanded="true"
    aria-haspopup="dialog"
    data-state="open"
    type="button"
  >
    Click me
  </button>
</div>
`;
