// Vitest Snapshot v1, https://vitest.dev/guide/snapshot.html

exports[`Dialog Component > should match snapshot with default props 1`] = `
<div>
  <div
    data-testid="dialog-root"
  >
    <button
      data-testid="dialog-trigger"
    >
      Open Dialog
    </button>
    <div
      data-testid="dialog-portal"
    >
      <div
        class="fixed inset-0 z-50 data-[state=open]:animate-in data-[state=closed]:animate-out data-[state=closed]:fade-out-0 data-[state=open]:fade-in-0"
        data-testid="dialog-overlay"
      />
      <div
        class="fixed left-[50%] top-[50%] z-50 grid w-full max-w-lg translate-x-[-50%] translate-y-[-50%] gap-4 border bg-background p-6 shadow-lg duration-200 data-[state=open]:animate-in data-[state=closed]:animate-out data-[state=closed]:fade-out-0 data-[state=open]:fade-in-0 data-[state=closed]:zoom-out-95 data-[state=open]:zoom-in-95 data-[state=closed]:slide-out-to-left-1/2 data-[state=closed]:slide-out-to-top-[48%] data-[state=open]:slide-in-from-left-1/2 data-[state=open]:slide-in-from-top-[48%] sm:rounded-lg"
        data-testid="dialog-content"
      >
        <div
          class="flex flex-col space-y-1.5 text-center sm:text-left"
        >
          <h2
            class="text-lg font-semibold leading-none tracking-tight"
            data-testid="dialog-title"
          >
            Dialog Title
          </h2>
          <p
            class="text-sm text-muted-foreground"
            data-testid="dialog-description"
          >
            Dialog Description
          </p>
        </div>
        <div>
          Dialog Content
        </div>
        <div
          class="flex flex-col-reverse sm:flex-row sm:justify-end sm:space-x-2"
        >
          <button>
            Cancel
          </button>
          <button>
            Save
          </button>
        </div>
        <button
          data-testid="dialog-close"
        >
          <div
            data-testid="x-icon"
          />
          <span
            class="sr-only"
          >
            Close
          </span>
        </button>
      </div>
    </div>
  </div>
</div>
`;
