// Vitest Snapshot v1, https://vitest.dev/guide/snapshot.html

exports[`Toast Component > should match snapshot 1`] = `
<div>
  <div
    class="fixed inset-0 bg-black bg-opacity-25 flex items-center justify-center z-50"
    data-testid="loader-test"
  >
    <div
      class="animate-spin rounded-full h-12 w-12 border-t-2 border-b-2 border-white"
      data-testid="spinner-test"
    />
  </div>
</div>
`;
