// Vitest Snapshot v1, https://vitest.dev/guide/snapshot.html

exports[`Button Component > should match snapshot with default props 1`] = `
<button
  class="inline-flex items-center justify-center gap-2 whitespace-nowrap rounded-md text-sm font-medium transition-colors focus-visible:outline-none disabled:pointer-events-none disabled:opacity-50 [&_svg]:pointer-events-none [&_svg]:size-4 [&_svg]:shrink-0 border-none bg-button text-button-foreground hover:bg-button/90 dark:bg-slate-50 dark:text-slate-900 dark:hover:bg-slate-50/90 h-9 px-4 py-2"
  data-testid="button-test"
/>
`;
